<?xml version="1.0" encoding="ISO-8859-1" ?>
<link_info>
   <banner>MSP430 Linker PC v20.2.1.LTS</banner>
   <copyright>Copyright (c) 2003-2018 Texas Instruments Incorporated</copyright>
   <link_time>0x5f2b96a4</link_time>
   <link_errors>0x0</link_errors>
   <output_file>Wonder_System_Touch_Board.out</output_file>
   <entry_point>
      <name>_c_int00_noargs</name>
      <address>0xdd9e</address>
   </entry_point>
   <input_file_list>
      <input_file id="fl-2">
         <path>.\</path>
         <kind>object</kind>
         <file>main.obj</file>
         <name>main.obj</name>
      </input_file>
      <input_file id="fl-3">
         <path>.\captivate\ADVANCED\</path>
         <kind>object</kind>
         <file>CAPT_Manager.obj</file>
         <name>CAPT_Manager.obj</name>
      </input_file>
      <input_file id="fl-4">
         <path>.\captivate\BASE\</path>
         <kind>object</kind>
         <file>CAPT_ISR.obj</file>
         <name>CAPT_ISR.obj</name>
      </input_file>
      <input_file id="fl-5">
         <path>.\captivate\COMM\</path>
         <kind>object</kind>
         <file>CAPT_Interface.obj</file>
         <name>CAPT_Interface.obj</name>
      </input_file>
      <input_file id="fl-6">
         <path>.\captivate\COMM\</path>
         <kind>object</kind>
         <file>FunctionTimer.obj</file>
         <name>FunctionTimer.obj</name>
      </input_file>
      <input_file id="fl-7">
         <path>.\captivate\COMM\</path>
         <kind>object</kind>
         <file>I2CSlave.obj</file>
         <name>I2CSlave.obj</name>
      </input_file>
      <input_file id="fl-8">
         <path>.\captivate\COMM\</path>
         <kind>object</kind>
         <file>UART.obj</file>
         <name>UART.obj</name>
      </input_file>
      <input_file id="fl-9">
         <path>.\captivate_app\</path>
         <kind>object</kind>
         <file>CAPT_App.obj</file>
         <name>CAPT_App.obj</name>
      </input_file>
      <input_file id="fl-a">
         <path>.\captivate_app\</path>
         <kind>object</kind>
         <file>CAPT_BSP.obj</file>
         <name>CAPT_BSP.obj</name>
      </input_file>
      <input_file id="fl-b">
         <path>.\captivate_config\</path>
         <kind>object</kind>
         <file>CAPT_UserConfig.obj</file>
         <name>CAPT_UserConfig.obj</name>
      </input_file>
      <input_file id="fl-1b">
         <kind>object</kind>
         <file>&lt;internal&gt;</file>
         <name>&lt;internal&gt;</name>
      </input_file>
      <input_file id="fl-1c">
         <path>..\captivate\BASE\libraries\</path>
         <kind>archive</kind>
         <file>captivate_fr2633_family.lib</file>
         <name>CAPT_Calibration.o</name>
      </input_file>
      <input_file id="fl-1d">
         <path>..\captivate\BASE\libraries\</path>
         <kind>archive</kind>
         <file>captivate_fr2633_family.lib</file>
         <name>CAPT_EMC.o</name>
      </input_file>
      <input_file id="fl-1e">
         <path>..\captivate\BASE\libraries\</path>
         <kind>archive</kind>
         <file>captivate_fr2633_family.lib</file>
         <name>CAPT_HAL.o</name>
      </input_file>
      <input_file id="fl-1f">
         <path>..\captivate\BASE\libraries\</path>
         <kind>archive</kind>
         <file>captivate_fr2633_family.lib</file>
         <name>CAPT_Protocol.o</name>
      </input_file>
      <input_file id="fl-20">
         <path>..\captivate\BASE\libraries\</path>
         <kind>archive</kind>
         <file>captivate_fr2633_family.lib</file>
         <name>CAPT_Slider.o</name>
      </input_file>
      <input_file id="fl-21">
         <path>..\captivate\BASE\libraries\</path>
         <kind>archive</kind>
         <file>captivate_fr2633_family.lib</file>
         <name>CAPT_Touch.o</name>
      </input_file>
      <input_file id="fl-22">
         <path>..\captivate\BASE\libraries\</path>
         <kind>archive</kind>
         <file>captivate_fr2633_family.lib</file>
         <name>CAPT_ByteQueue.o</name>
      </input_file>
      <input_file id="fl-23">
         <path>..\driverlib\MSP430FR2xx_4xx\libraries\</path>
         <kind>archive</kind>
         <file>driverlib_fr2633_family.lib</file>
         <name>cs.o</name>
      </input_file>
      <input_file id="fl-24">
         <path>..\driverlib\MSP430FR2xx_4xx\libraries\</path>
         <kind>archive</kind>
         <file>driverlib_fr2633_family.lib</file>
         <name>framctl.o</name>
      </input_file>
      <input_file id="fl-49">
         <path>C:\TI\ccs1010\ccs\tools\compiler\ti-cgt-msp430_20.2.1.LTS\lib\</path>
         <kind>archive</kind>
         <file>rts430x_sc_sd_eabi.lib</file>
         <name>div16s.asm.obj</name>
      </input_file>
      <input_file id="fl-4a">
         <path>C:\TI\ccs1010\ccs\tools\compiler\ti-cgt-msp430_20.2.1.LTS\lib\</path>
         <kind>archive</kind>
         <file>rts430x_sc_sd_eabi.lib</file>
         <name>div16u.asm.obj</name>
      </input_file>
      <input_file id="fl-4b">
         <path>C:\TI\ccs1010\ccs\tools\compiler\ti-cgt-msp430_20.2.1.LTS\lib\</path>
         <kind>archive</kind>
         <file>rts430x_sc_sd_eabi.lib</file>
         <name>div32s.asm.obj</name>
      </input_file>
      <input_file id="fl-4c">
         <path>C:\TI\ccs1010\ccs\tools\compiler\ti-cgt-msp430_20.2.1.LTS\lib\</path>
         <kind>archive</kind>
         <file>rts430x_sc_sd_eabi.lib</file>
         <name>div32u.asm.obj</name>
      </input_file>
      <input_file id="fl-4d">
         <path>C:\TI\ccs1010\ccs\tools\compiler\ti-cgt-msp430_20.2.1.LTS\lib\</path>
         <kind>archive</kind>
         <file>rts430x_sc_sd_eabi.lib</file>
         <name>int41.asm.obj</name>
      </input_file>
      <input_file id="fl-4e">
         <path>C:\TI\ccs1010\ccs\tools\compiler\ti-cgt-msp430_20.2.1.LTS\lib\</path>
         <kind>archive</kind>
         <file>rts430x_sc_sd_eabi.lib</file>
         <name>int42.asm.obj</name>
      </input_file>
      <input_file id="fl-4f">
         <path>C:\TI\ccs1010\ccs\tools\compiler\ti-cgt-msp430_20.2.1.LTS\lib\</path>
         <kind>archive</kind>
         <file>rts430x_sc_sd_eabi.lib</file>
         <name>int43.asm.obj</name>
      </input_file>
      <input_file id="fl-50">
         <path>C:\TI\ccs1010\ccs\tools\compiler\ti-cgt-msp430_20.2.1.LTS\lib\</path>
         <kind>archive</kind>
         <file>rts430x_sc_sd_eabi.lib</file>
         <name>int45.asm.obj</name>
      </input_file>
      <input_file id="fl-51">
         <path>C:\TI\ccs1010\ccs\tools\compiler\ti-cgt-msp430_20.2.1.LTS\lib\</path>
         <kind>archive</kind>
         <file>rts430x_sc_sd_eabi.lib</file>
         <name>int47.asm.obj</name>
      </input_file>
      <input_file id="fl-52">
         <path>C:\TI\ccs1010\ccs\tools\compiler\ti-cgt-msp430_20.2.1.LTS\lib\</path>
         <kind>archive</kind>
         <file>rts430x_sc_sd_eabi.lib</file>
         <name>int48.asm.obj</name>
      </input_file>
      <input_file id="fl-53">
         <path>C:\TI\ccs1010\ccs\tools\compiler\ti-cgt-msp430_20.2.1.LTS\lib\</path>
         <kind>archive</kind>
         <file>rts430x_sc_sd_eabi.lib</file>
         <name>int49.asm.obj</name>
      </input_file>
      <input_file id="fl-54">
         <path>C:\TI\ccs1010\ccs\tools\compiler\ti-cgt-msp430_20.2.1.LTS\lib\</path>
         <kind>archive</kind>
         <file>rts430x_sc_sd_eabi.lib</file>
         <name>int50.asm.obj</name>
      </input_file>
      <input_file id="fl-55">
         <path>C:\TI\ccs1010\ccs\tools\compiler\ti-cgt-msp430_20.2.1.LTS\lib\</path>
         <kind>archive</kind>
         <file>rts430x_sc_sd_eabi.lib</file>
         <name>int51.asm.obj</name>
      </input_file>
      <input_file id="fl-56">
         <path>C:\TI\ccs1010\ccs\tools\compiler\ti-cgt-msp430_20.2.1.LTS\lib\</path>
         <kind>archive</kind>
         <file>rts430x_sc_sd_eabi.lib</file>
         <name>int52.asm.obj</name>
      </input_file>
      <input_file id="fl-57">
         <path>C:\TI\ccs1010\ccs\tools\compiler\ti-cgt-msp430_20.2.1.LTS\lib\</path>
         <kind>archive</kind>
         <file>rts430x_sc_sd_eabi.lib</file>
         <name>int53.asm.obj</name>
      </input_file>
      <input_file id="fl-58">
         <path>C:\TI\ccs1010\ccs\tools\compiler\ti-cgt-msp430_20.2.1.LTS\lib\</path>
         <kind>archive</kind>
         <file>rts430x_sc_sd_eabi.lib</file>
         <name>int54.asm.obj</name>
      </input_file>
      <input_file id="fl-59">
         <path>C:\TI\ccs1010\ccs\tools\compiler\ti-cgt-msp430_20.2.1.LTS\lib\</path>
         <kind>archive</kind>
         <file>rts430x_sc_sd_eabi.lib</file>
         <name>int55.asm.obj</name>
      </input_file>
      <input_file id="fl-5a">
         <path>C:\TI\ccs1010\ccs\tools\compiler\ti-cgt-msp430_20.2.1.LTS\lib\</path>
         <kind>archive</kind>
         <file>rts430x_sc_sd_eabi.lib</file>
         <name>int56.asm.obj</name>
      </input_file>
      <input_file id="fl-5b">
         <path>C:\TI\ccs1010\ccs\tools\compiler\ti-cgt-msp430_20.2.1.LTS\lib\</path>
         <kind>archive</kind>
         <file>rts430x_sc_sd_eabi.lib</file>
         <name>int57.asm.obj</name>
      </input_file>
      <input_file id="fl-5c">
         <path>C:\TI\ccs1010\ccs\tools\compiler\ti-cgt-msp430_20.2.1.LTS\lib\</path>
         <kind>archive</kind>
         <file>rts430x_sc_sd_eabi.lib</file>
         <name>int58.asm.obj</name>
      </input_file>
      <input_file id="fl-5d">
         <path>C:\TI\ccs1010\ccs\tools\compiler\ti-cgt-msp430_20.2.1.LTS\lib\</path>
         <kind>archive</kind>
         <file>rts430x_sc_sd_eabi.lib</file>
         <name>isr_trap.asm.obj</name>
      </input_file>
      <input_file id="fl-5e">
         <path>C:\TI\ccs1010\ccs\tools\compiler\ti-cgt-msp430_20.2.1.LTS\lib\</path>
         <kind>archive</kind>
         <file>rts430x_sc_sd_eabi.lib</file>
         <name>lsl16.asm.obj</name>
      </input_file>
      <input_file id="fl-5f">
         <path>C:\TI\ccs1010\ccs\tools\compiler\ti-cgt-msp430_20.2.1.LTS\lib\</path>
         <kind>archive</kind>
         <file>rts430x_sc_sd_eabi.lib</file>
         <name>lsl32.asm.obj</name>
      </input_file>
      <input_file id="fl-60">
         <path>C:\TI\ccs1010\ccs\tools\compiler\ti-cgt-msp430_20.2.1.LTS\lib\</path>
         <kind>archive</kind>
         <file>rts430x_sc_sd_eabi.lib</file>
         <name>lsr16.asm.obj</name>
      </input_file>
      <input_file id="fl-61">
         <path>C:\TI\ccs1010\ccs\tools\compiler\ti-cgt-msp430_20.2.1.LTS\lib\</path>
         <kind>archive</kind>
         <file>rts430x_sc_sd_eabi.lib</file>
         <name>lsr32.asm.obj</name>
      </input_file>
      <input_file id="fl-62">
         <path>C:\TI\ccs1010\ccs\tools\compiler\ti-cgt-msp430_20.2.1.LTS\lib\</path>
         <kind>archive</kind>
         <file>rts430x_sc_sd_eabi.lib</file>
         <name>mult16_f5hw.asm.obj</name>
      </input_file>
      <input_file id="fl-63">
         <path>C:\TI\ccs1010\ccs\tools\compiler\ti-cgt-msp430_20.2.1.LTS\lib\</path>
         <kind>archive</kind>
         <file>rts430x_sc_sd_eabi.lib</file>
         <name>mult1632.asm.obj</name>
      </input_file>
      <input_file id="fl-64">
         <path>C:\TI\ccs1010\ccs\tools\compiler\ti-cgt-msp430_20.2.1.LTS\lib\</path>
         <kind>archive</kind>
         <file>rts430x_sc_sd_eabi.lib</file>
         <name>mult1632_f5hw.asm.obj</name>
      </input_file>
      <input_file id="fl-65">
         <path>C:\TI\ccs1010\ccs\tools\compiler\ti-cgt-msp430_20.2.1.LTS\lib\</path>
         <kind>archive</kind>
         <file>rts430x_sc_sd_eabi.lib</file>
         <name>mult32.asm.obj</name>
      </input_file>
      <input_file id="fl-66">
         <path>C:\TI\ccs1010\ccs\tools\compiler\ti-cgt-msp430_20.2.1.LTS\lib\</path>
         <kind>archive</kind>
         <file>rts430x_sc_sd_eabi.lib</file>
         <name>mult32_f5hw.asm.obj</name>
      </input_file>
      <input_file id="fl-67">
         <path>C:\TI\ccs1010\ccs\tools\compiler\ti-cgt-msp430_20.2.1.LTS\lib\</path>
         <kind>archive</kind>
         <file>rts430x_sc_sd_eabi.lib</file>
         <name>mult3264_f5hw.asm.obj</name>
      </input_file>
      <input_file id="fl-68">
         <path>C:\TI\ccs1010\ccs\tools\compiler\ti-cgt-msp430_20.2.1.LTS\lib\</path>
         <kind>archive</kind>
         <file>rts430x_sc_sd_eabi.lib</file>
         <name>mult64.asm.obj</name>
      </input_file>
      <input_file id="fl-69">
         <path>C:\TI\ccs1010\ccs\tools\compiler\ti-cgt-msp430_20.2.1.LTS\lib\</path>
         <kind>archive</kind>
         <file>rts430x_sc_sd_eabi.lib</file>
         <name>mult64_f5hw.asm.obj</name>
      </input_file>
      <input_file id="fl-6a">
         <path>C:\TI\ccs1010\ccs\tools\compiler\ti-cgt-msp430_20.2.1.LTS\lib\</path>
         <kind>archive</kind>
         <file>rts430x_sc_sd_eabi.lib</file>
         <name>boot.c.obj</name>
      </input_file>
      <input_file id="fl-6b">
         <path>C:\TI\ccs1010\ccs\tools\compiler\ti-cgt-msp430_20.2.1.LTS\lib\</path>
         <kind>archive</kind>
         <file>rts430x_sc_sd_eabi.lib</file>
         <name>autoinit.c.obj</name>
      </input_file>
      <input_file id="fl-6c">
         <path>C:\TI\ccs1010\ccs\tools\compiler\ti-cgt-msp430_20.2.1.LTS\lib\</path>
         <kind>archive</kind>
         <file>rts430x_sc_sd_eabi.lib</file>
         <name>copy_zero_init.c.obj</name>
      </input_file>
      <input_file id="fl-6d">
         <path>C:\TI\ccs1010\ccs\tools\compiler\ti-cgt-msp430_20.2.1.LTS\lib\</path>
         <kind>archive</kind>
         <file>rts430x_sc_sd_eabi.lib</file>
         <name>cpy_tbl.c.obj</name>
      </input_file>
      <input_file id="fl-6e">
         <path>C:\TI\ccs1010\ccs\tools\compiler\ti-cgt-msp430_20.2.1.LTS\lib\</path>
         <kind>archive</kind>
         <file>rts430x_sc_sd_eabi.lib</file>
         <name>mpu_init.c.obj</name>
      </input_file>
      <input_file id="fl-6f">
         <path>C:\TI\ccs1010\ccs\tools\compiler\ti-cgt-msp430_20.2.1.LTS\lib\</path>
         <kind>archive</kind>
         <file>rts430x_sc_sd_eabi.lib</file>
         <name>lsl64.c.obj</name>
      </input_file>
      <input_file id="fl-70">
         <path>C:\TI\ccs1010\ccs\tools\compiler\ti-cgt-msp430_20.2.1.LTS\lib\</path>
         <kind>archive</kind>
         <file>rts430x_sc_sd_eabi.lib</file>
         <name>lsr64.c.obj</name>
      </input_file>
      <input_file id="fl-71">
         <path>C:\TI\ccs1010\ccs\tools\compiler\ti-cgt-msp430_20.2.1.LTS\lib\</path>
         <kind>archive</kind>
         <file>rts430x_sc_sd_eabi.lib</file>
         <name>startup.c.obj</name>
      </input_file>
      <input_file id="fl-72">
         <path>C:\TI\ccs1010\ccs\tools\compiler\ti-cgt-msp430_20.2.1.LTS\lib\</path>
         <kind>archive</kind>
         <file>rts430x_sc_sd_eabi.lib</file>
         <name>copy_decompress_none.c.obj</name>
      </input_file>
      <input_file id="fl-73">
         <path>C:\TI\ccs1010\ccs\tools\compiler\ti-cgt-msp430_20.2.1.LTS\lib\</path>
         <kind>archive</kind>
         <file>rts430x_sc_sd_eabi.lib</file>
         <name>copy_decompress_lzss.c.obj</name>
      </input_file>
      <input_file id="fl-74">
         <path>C:\TI\ccs1010\ccs\tools\compiler\ti-cgt-msp430_20.2.1.LTS\lib\</path>
         <kind>archive</kind>
         <file>rts430x_sc_sd_eabi.lib</file>
         <name>exit.c.obj</name>
      </input_file>
      <input_file id="fl-75">
         <path>C:\TI\ccs1010\ccs\tools\compiler\ti-cgt-msp430_20.2.1.LTS\lib\</path>
         <kind>archive</kind>
         <file>rts430x_sc_sd_eabi.lib</file>
         <name>_lock.c.obj</name>
      </input_file>
      <input_file id="fl-76">
         <path>C:\TI\ccs1010\ccs\tools\compiler\ti-cgt-msp430_20.2.1.LTS\lib\</path>
         <kind>archive</kind>
         <file>rts430x_sc_sd_eabi.lib</file>
         <name>args_main.c.obj</name>
      </input_file>
      <input_file id="fl-77">
         <path>C:\TI\ccs1010\ccs\tools\compiler\ti-cgt-msp430_20.2.1.LTS\lib\</path>
         <kind>archive</kind>
         <file>rts430x_sc_sd_eabi.lib</file>
         <name>memcpy.c.obj</name>
      </input_file>
      <input_file id="fl-78">
         <path>C:\TI\ccs1010\ccs\tools\compiler\ti-cgt-msp430_20.2.1.LTS\lib\</path>
         <kind>archive</kind>
         <file>rts430x_sc_sd_eabi.lib</file>
         <name>strlen.c.obj</name>
      </input_file>
      <input_file id="fl-79">
         <path>C:\TI\ccs1010\ccs\tools\compiler\ti-cgt-msp430_20.2.1.LTS\lib\</path>
         <kind>archive</kind>
         <file>rts430x_sc_sd_eabi.lib</file>
         <name>abs.c.obj</name>
      </input_file>
      <input_file id="fl-7a">
         <path>C:\TI\ccs1010\ccs\tools\compiler\ti-cgt-msp430_20.2.1.LTS\lib\</path>
         <kind>archive</kind>
         <file>rts430x_sc_sd_eabi.lib</file>
         <name>mult16.asm.obj</name>
      </input_file>
      <input_file id="fl-7b">
         <path>C:\TI\ccs1010\ccs\tools\compiler\ti-cgt-msp430_20.2.1.LTS\lib\</path>
         <kind>archive</kind>
         <file>rts430x_sc_sd_eabi.lib</file>
         <name>exit_gvars.c.obj</name>
      </input_file>
   </input_file_list>
   <object_component_list>
      <object_component id="oc-622">
         <name>.cinit..data.load</name>
         <load_address>0xc400</load_address>
         <run_address>0xc400</run_address>
         <size>0x10c</size>
      </object_component>
      <object_component id="oc-61f">
         <name>__TI_handler_table</name>
         <load_address>0xc50c</load_address>
         <run_address>0xc50c</run_address>
         <size>0x6</size>
      </object_component>
      <object_component id="oc-621">
         <name>.cinit..bss.load</name>
         <load_address>0xc512</load_address>
         <run_address>0xc512</run_address>
         <size>0x4</size>
      </object_component>
      <object_component id="oc-620">
         <name>__TI_cinit_table</name>
         <load_address>0xc516</load_address>
         <run_address>0xc516</run_address>
         <size>0x8</size>
      </object_component>
      <object_component id="oc-5b7">
         <name>.binit</name>
         <load_address>0xc51e</load_address>
         <run_address>0xc51e</run_address>
         <size>0x0</size>
      </object_component>
      <object_component id="oc-500">
         <name>.const:g_UARTPort</name>
         <load_address>0xc51e</load_address>
         <run_address>0xc51e</run_address>
         <size>0x14</size>
         <input_file_ref idref="fl-5"/>
      </object_component>
      <object_component id="oc-320">
         <name>.text:main</name>
         <load_address>0xc532</load_address>
         <run_address>0xc532</run_address>
         <size>0x2ca</size>
         <input_file_ref idref="fl-2"/>
      </object_component>
      <object_component id="oc-50c">
         <name>.text:CAPT_calibrateGain</name>
         <load_address>0xc7fc</load_address>
         <run_address>0xc7fc</run_address>
         <size>0x1c8</size>
         <input_file_ref idref="fl-1c"/>
      </object_component>
      <object_component id="oc-50d">
         <name>.text:CAPT_calibrateOffset</name>
         <load_address>0xc9c4</load_address>
         <run_address>0xc9c4</run_address>
         <size>0x19c</size>
         <input_file_ref idref="fl-1c"/>
      </object_component>
      <object_component id="oc-48b">
         <name>.text:CAPT_updateSensor</name>
         <load_address>0xcb60</load_address>
         <run_address>0xcb60</run_address>
         <size>0x164</size>
         <input_file_ref idref="fl-21"/>
      </object_component>
      <object_component id="oc-4a6">
         <name>.text:CAPT_accessControllerParameter</name>
         <load_address>0xccc4</load_address>
         <run_address>0xccc4</run_address>
         <size>0x156</size>
         <input_file_ref idref="fl-5"/>
      </object_component>
      <object_component id="oc-291">
         <name>.text:USCIB0_ISR</name>
         <load_address>0xce1a</load_address>
         <run_address>0xce1a</run_address>
         <size>0x126</size>
         <input_file_ref idref="fl-2"/>
      </object_component>
      <object_component id="oc-4af">
         <name>.text:CAPT_accessSpecialSensorParameter</name>
         <load_address>0xcf40</load_address>
         <run_address>0xcf40</run_address>
         <size>0x10c</size>
         <input_file_ref idref="fl-1f"/>
      </object_component>
      <object_component id="oc-3f2">
         <name>.text:CS_initFLL</name>
         <load_address>0xd04c</load_address>
         <run_address>0xd04c</run_address>
         <size>0xc4</size>
         <input_file_ref idref="fl-23"/>
      </object_component>
      <object_component id="oc-297">
         <name>.text:UART_ISR</name>
         <load_address>0xd110</load_address>
         <run_address>0xd110</run_address>
         <size>0xb6</size>
         <input_file_ref idref="fl-8"/>
      </object_component>
      <object_component id="oc-368">
         <name>.text:BSP_configureMCU</name>
         <load_address>0xd1c6</load_address>
         <run_address>0xd1c6</run_address>
         <size>0xb4</size>
         <input_file_ref idref="fl-a"/>
      </object_component>
      <object_component id="oc-3f1">
         <name>.text:CS_initClockSignal</name>
         <load_address>0xd27a</load_address>
         <run_address>0xd27a</run_address>
         <size>0xb4</size>
         <input_file_ref idref="fl-23"/>
      </object_component>
      <object_component id="oc-414">
         <name>.text:CAPT_checkForInboundPacket</name>
         <load_address>0xd32e</load_address>
         <run_address>0xd32e</run_address>
         <size>0xb0</size>
         <input_file_ref idref="fl-5"/>
      </object_component>
      <object_component id="oc-36e">
         <name>.text:init_led</name>
         <load_address>0xd3de</load_address>
         <run_address>0xd3de</run_address>
         <size>0x92</size>
         <input_file_ref idref="fl-2"/>
      </object_component>
      <object_component id="oc-48c">
         <name>.text:CAPT_writeElementData</name>
         <load_address>0xd470</load_address>
         <run_address>0xd470</run_address>
         <size>0x78</size>
         <input_file_ref idref="fl-5"/>
      </object_component>
      <object_component id="oc-49a">
         <name>.text:CAPT_testForRecalibration</name>
         <load_address>0xd4e8</load_address>
         <run_address>0xd4e8</run_address>
         <size>0x70</size>
         <input_file_ref idref="fl-21"/>
      </object_component>
      <object_component id="oc-69">
         <name>.text:decompress:lzss:__TI_decompress_lzss</name>
         <load_address>0xd558</load_address>
         <run_address>0xd558</run_address>
         <size>0x6e</size>
         <input_file_ref idref="fl-73"/>
      </object_component>
      <object_component id="oc-480">
         <name>.text:CAPT_initSensor</name>
         <load_address>0xd5c6</load_address>
         <run_address>0xd5c6</run_address>
         <size>0x6a</size>
         <input_file_ref idref="fl-21"/>
      </object_component>
      <object_component id="oc-50f">
         <name>.text:CAPT_processSensor</name>
         <load_address>0xd630</load_address>
         <run_address>0xd630</run_address>
         <size>0x6a</size>
         <input_file_ref idref="fl-21"/>
      </object_component>
      <object_component id="oc-407">
         <name>.text:CAPT_updateUI</name>
         <load_address>0xd69a</load_address>
         <run_address>0xd69a</run_address>
         <size>0x64</size>
         <input_file_ref idref="fl-3"/>
      </object_component>
      <object_component id="oc-503">
         <name>.text:UART_openPort</name>
         <load_address>0xd6fe</load_address>
         <run_address>0xd6fe</run_address>
         <size>0x62</size>
         <input_file_ref idref="fl-8"/>
      </object_component>
      <object_component id="oc-50e">
         <name>.text:CAPT_processFSMCycle</name>
         <load_address>0xd760</load_address>
         <run_address>0xd760</run_address>
         <size>0x58</size>
         <input_file_ref idref="fl-21"/>
      </object_component>
      <object_component id="oc-554">
         <name>.text:CAPT_updateSensorNoise</name>
         <load_address>0xd7b8</load_address>
         <run_address>0xd7b8</run_address>
         <size>0x56</size>
         <input_file_ref idref="fl-21"/>
      </object_component>
      <object_component id="oc-492">
         <name>.text:CAPT_writeSensorData</name>
         <load_address>0xd80e</load_address>
         <run_address>0xd80e</run_address>
         <size>0x52</size>
         <input_file_ref idref="fl-5"/>
      </object_component>
      <object_component id="oc-3c8">
         <name>.text:__TI_auto_init_nobinit_nopinit_hold_wdt:__TI_auto_init_nobinit_nopinit_hold_wdt</name>
         <load_address>0xd860</load_address>
         <run_address>0xd860</run_address>
         <size>0x52</size>
         <input_file_ref idref="fl-6b"/>
      </object_component>
      <object_component id="oc-556">
         <name>.text:CAPT_preProcessSlider</name>
         <load_address>0xd8b2</load_address>
         <run_address>0xd8b2</run_address>
         <size>0x4e</size>
         <input_file_ref idref="fl-21"/>
      </object_component>
      <object_component id="oc-481">
         <name>.text:CAPT_initCommInterface</name>
         <load_address>0xd900</load_address>
         <run_address>0xd900</run_address>
         <size>0x4a</size>
         <input_file_ref idref="fl-5"/>
      </object_component>
      <object_component id="oc-571">
         <name>.text:CAPT_flagAllElementsForReseed</name>
         <load_address>0xd94a</load_address>
         <run_address>0xd94a</run_address>
         <size>0x48</size>
         <input_file_ref idref="fl-21"/>
      </object_component>
      <object_component id="oc-512">
         <name>.text:CAPT_loadCycle</name>
         <load_address>0xd992</load_address>
         <run_address>0xd992</run_address>
         <size>0x48</size>
         <input_file_ref idref="fl-21"/>
      </object_component>
      <object_component id="oc-3fa">
         <name>.text:CAPT_initUI</name>
         <load_address>0xd9da</load_address>
         <run_address>0xd9da</run_address>
         <size>0x46</size>
         <input_file_ref idref="fl-3"/>
      </object_component>
      <object_component id="oc-4b4">
         <name>.text:UART_transmitBuffer</name>
         <load_address>0xda20</load_address>
         <run_address>0xda20</run_address>
         <size>0x42</size>
         <input_file_ref idref="fl-8"/>
      </object_component>
      <object_component id="oc-286">
         <name>.text:CAPT_ISR</name>
         <load_address>0xda62</load_address>
         <run_address>0xda62</run_address>
         <size>0x40</size>
         <input_file_ref idref="fl-4"/>
      </object_component>
      <object_component id="oc-380">
         <name>.text:CAPT_appHandler</name>
         <load_address>0xdaa2</load_address>
         <run_address>0xdaa2</run_address>
         <size>0x3e</size>
         <input_file_ref idref="fl-9"/>
      </object_component>
      <object_component id="oc-511">
         <name>.text:CAPT_unloadCycle</name>
         <load_address>0xdae0</load_address>
         <run_address>0xdae0</run_address>
         <size>0x3e</size>
         <input_file_ref idref="fl-21"/>
      </object_component>
      <object_component id="oc-3f0">
         <name>.text:CS_turnOnXT1LFWithTimeout</name>
         <load_address>0xdb1e</load_address>
         <run_address>0xdb1e</run_address>
         <size>0x3e</size>
         <input_file_ref idref="fl-23"/>
      </object_component>
      <object_component id="oc-374">
         <name>.text:initClockTo16MHz</name>
         <load_address>0xdb5c</load_address>
         <run_address>0xdb5c</run_address>
         <size>0x3e</size>
         <input_file_ref idref="fl-2"/>
      </object_component>
      <object_component id="oc-37a">
         <name>.text:CAPT_appStart</name>
         <load_address>0xdb9a</load_address>
         <run_address>0xdb9a</run_address>
         <size>0x3a</size>
         <input_file_ref idref="fl-9"/>
      </object_component>
      <object_component id="oc-555">
         <name>.text:CAPT_updateSensorTimeout</name>
         <load_address>0xdbd4</load_address>
         <run_address>0xdbd4</run_address>
         <size>0x36</size>
         <input_file_ref idref="fl-21"/>
      </object_component>
      <object_component id="oc-39d">
         <name>.text:CAPT_appSleep</name>
         <load_address>0xdc0a</load_address>
         <run_address>0xdc0a</run_address>
         <size>0x32</size>
         <input_file_ref idref="fl-9"/>
      </object_component>
      <object_component id="oc-553">
         <name>.text:CAPT_startConversionAndWaitUntilDone</name>
         <load_address>0xdc3c</load_address>
         <run_address>0xdc3c</run_address>
         <size>0x2e</size>
         <input_file_ref idref="fl-21"/>
      </object_component>
      <object_component id="oc-389">
         <name>.text:send_data</name>
         <load_address>0xdc6a</load_address>
         <run_address>0xdc6a</run_address>
         <size>0x2e</size>
         <input_file_ref idref="fl-2"/>
      </object_component>
      <object_component id="oc-510">
         <name>.text:CAPT_blockOnFlag</name>
         <load_address>0xdc98</load_address>
         <run_address>0xdc98</run_address>
         <size>0x26</size>
         <input_file_ref idref="fl-21"/>
      </object_component>
      <object_component id="oc-40d">
         <name>.text:CAPT_getGlobalUIProximityStatus</name>
         <load_address>0xdcbe</load_address>
         <run_address>0xdcbe</run_address>
         <size>0x24</size>
         <input_file_ref idref="fl-3"/>
      </object_component>
      <object_component id="oc-489">
         <name>.text:CAPT_calibrateSensor</name>
         <load_address>0xdce2</load_address>
         <run_address>0xdce2</run_address>
         <size>0x22</size>
         <input_file_ref idref="fl-1c"/>
      </object_component>
      <object_component id="oc-400">
         <name>.text:CAPT_calibrateUI</name>
         <load_address>0xdd04</load_address>
         <run_address>0xdd04</run_address>
         <size>0x20</size>
         <input_file_ref idref="fl-3"/>
      </object_component>
      <object_component id="oc-47f">
         <name>.text:CAPT_init</name>
         <load_address>0xdd24</load_address>
         <run_address>0xdd24</run_address>
         <size>0x20</size>
         <input_file_ref idref="fl-1e"/>
      </object_component>
      <object_component id="oc-498">
         <name>.text:CAPT_testForMaxCountRecalibration</name>
         <load_address>0xdd44</load_address>
         <run_address>0xdd44</run_address>
         <size>0x20</size>
         <input_file_ref idref="fl-21"/>
      </object_component>
      <object_component id="oc-3f3">
         <name>.text:CS_clearAllOscFlagsWithTimeout</name>
         <load_address>0xdd64</load_address>
         <run_address>0xdd64</run_address>
         <size>0x1e</size>
         <input_file_ref idref="fl-23"/>
      </object_component>
      <object_component id="oc-4b0">
         <name>.text:CAPT_getChecksum</name>
         <load_address>0xdd82</load_address>
         <run_address>0xdd82</run_address>
         <size>0x1c</size>
         <input_file_ref idref="fl-1f"/>
      </object_component>
      <object_component id="oc-2af">
         <name>.text:_c_int00_noargs</name>
         <load_address>0xdd9e</load_address>
         <run_address>0xdd9e</run_address>
         <size>0x1c</size>
         <input_file_ref idref="fl-6a"/>
      </object_component>
      <object_component id="oc-499">
         <name>.text:CAPT_testForNegativeTouchRecalibration</name>
         <load_address>0xddba</load_address>
         <run_address>0xddba</run_address>
         <size>0x18</size>
         <input_file_ref idref="fl-21"/>
      </object_component>
      <object_component id="oc-3ee">
         <name>.text:FRAMCtl_configureWaitStateControl</name>
         <load_address>0xddd2</load_address>
         <run_address>0xddd2</run_address>
         <size>0x16</size>
         <input_file_ref idref="fl-24"/>
      </object_component>
      <object_component id="oc-29d">
         <name>.text:decompress:ZI:__TI_zero_init_nomemset:__TI_zero_init_nomemset</name>
         <load_address>0xdde8</load_address>
         <run_address>0xdde8</run_address>
         <size>0x14</size>
         <input_file_ref idref="fl-6c"/>
      </object_component>
      <object_component id="oc-41a">
         <name>.text:CAPT_checkForRecalibrationRequest</name>
         <load_address>0xddfc</load_address>
         <run_address>0xddfc</run_address>
         <size>0x12</size>
         <input_file_ref idref="fl-5"/>
      </object_component>
      <object_component id="oc-6f">
         <name>.text:decompress:none:__TI_decompress_none</name>
         <load_address>0xde0e</load_address>
         <run_address>0xde0e</run_address>
         <size>0x12</size>
         <input_file_ref idref="fl-72"/>
      </object_component>
      <object_component id="oc-279">
         <name>.text:memcpy</name>
         <load_address>0xde20</load_address>
         <run_address>0xde20</run_address>
         <size>0x12</size>
         <input_file_ref idref="fl-77"/>
      </object_component>
      <object_component id="oc-54a">
         <name>.text:CAPT_UARTReceiveHandler</name>
         <load_address>0xde32</load_address>
         <run_address>0xde32</run_address>
         <size>0xe</size>
         <input_file_ref idref="fl-5"/>
      </object_component>
      <object_component id="oc-39c">
         <name>.text:CAPT_getSensorPosition</name>
         <load_address>0xde40</load_address>
         <run_address>0xde40</run_address>
         <size>0xa</size>
         <input_file_ref idref="fl-20"/>
      </object_component>
      <object_component id="oc-3ef">
         <name>.text:CS_setExternalClockSource</name>
         <load_address>0xde4a</load_address>
         <run_address>0xde4a</run_address>
         <size>0xa</size>
         <input_file_ref idref="fl-23"/>
      </object_component>
      <object_component id="oc-31a">
         <name>.text:_system_pre_init</name>
         <load_address>0xde54</load_address>
         <run_address>0xde54</run_address>
         <size>0xa</size>
         <input_file_ref idref="fl-a"/>
      </object_component>
      <object_component id="oc-28c">
         <name>.text:_isr:__TI_ISR_TRAP</name>
         <load_address>0xde5e</load_address>
         <run_address>0xde5e</run_address>
         <size>0x8</size>
         <input_file_ref idref="fl-5d"/>
      </object_component>
      <object_component id="oc-513">
         <name>.text:CAPT_clearIFG</name>
         <load_address>0xde66</load_address>
         <run_address>0xde66</run_address>
         <size>0x6</size>
         <input_file_ref idref="fl-1e"/>
      </object_component>
      <object_component id="oc-2ef">
         <name>.text:CAPT_getInterruptVector</name>
         <load_address>0xde6c</load_address>
         <run_address>0xde6c</run_address>
         <size>0x6</size>
         <input_file_ref idref="fl-1e"/>
      </object_component>
      <object_component id="oc-3a4">
         <name>.text:abort</name>
         <load_address>0xde72</load_address>
         <run_address>0xde72</run_address>
         <size>0x6</size>
         <input_file_ref idref="fl-74"/>
      </object_component>
      <object_component id="oc-451">
         <name>.text:_system_post_cinit</name>
         <load_address>0xde78</load_address>
         <run_address>0xde78</run_address>
         <size>0x2</size>
         <input_file_ref idref="fl-71"/>
      </object_component>
      <object_component id="oc-4fa">
         <name>.bss:g_ui8TransmitBuffer_ping</name>
         <uninitialized>true</uninitialized>
         <run_address>0x2100</run_address>
         <size>0x30</size>
         <input_file_ref idref="fl-5"/>
      </object_component>
      <object_component id="oc-4fd">
         <name>.bss:g_ui8TransmitBuffer_pong</name>
         <uninitialized>true</uninitialized>
         <run_address>0x2130</run_address>
         <size>0x30</size>
         <input_file_ref idref="fl-5"/>
      </object_component>
      <object_component id="oc-4f7">
         <name>.bss:g_ui8QueueBuffer</name>
         <uninitialized>true</uninitialized>
         <run_address>0x2000</run_address>
         <size>0x100</size>
         <input_file_ref idref="fl-5"/>
      </object_component>
      <object_component id="oc-4b1">
         <name>.bss:g_PingPongBuffer</name>
         <uninitialized>true</uninitialized>
         <run_address>0x219c</run_address>
         <size>0x4</size>
         <input_file_ref idref="fl-5"/>
      </object_component>
      <object_component id="oc-49d">
         <name>.bss:g_ReceiveQueue</name>
         <uninitialized>true</uninitialized>
         <run_address>0x2188</run_address>
         <size>0x8</size>
         <input_file_ref idref="fl-5"/>
      </object_component>
      <object_component id="oc-4a3">
         <name>.bss:g_protocolProcessingVars</name>
         <uninitialized>true</uninitialized>
         <run_address>0x21cc</run_address>
         <size>0x2</size>
         <input_file_ref idref="fl-5"/>
      </object_component>
      <object_component id="oc-4a0">
         <name>.bss:g_parameterPacket</name>
         <uninitialized>true</uninitialized>
         <run_address>0x217c</run_address>
         <size>0xc</size>
         <input_file_ref idref="fl-5"/>
      </object_component>
      <object_component id="oc-4ac">
         <name>.bss</name>
         <uninitialized>true</uninitialized>
         <run_address>0x2198</run_address>
         <size>0x4</size>
         <input_file_ref idref="fl-5"/>
      </object_component>
      <object_component id="oc-38f">
         <name>.common:i</name>
         <uninitialized>true</uninitialized>
         <run_address>0x21a0</run_address>
         <size>0x4</size>
      </object_component>
      <object_component id="oc-2ff">
         <name>.common:state</name>
         <uninitialized>true</uninitialized>
         <run_address>0x2160</run_address>
         <size>0x1c</size>
      </object_component>
      <object_component id="oc-2f6">
         <name>.common:g_bEndOfConversionFlag</name>
         <uninitialized>true</uninitialized>
         <run_address>0x21ec</run_address>
         <size>0x1</size>
      </object_component>
      <object_component id="oc-2f5">
         <name>.common:g_bDetectionFlag</name>
         <uninitialized>true</uninitialized>
         <run_address>0x21eb</run_address>
         <size>0x1</size>
      </object_component>
      <object_component id="oc-2f4">
         <name>.common:g_bConvTimerFlag</name>
         <uninitialized>true</uninitialized>
         <run_address>0x21ea</run_address>
         <size>0x1</size>
      </object_component>
      <object_component id="oc-2f3">
         <name>.common:g_bConvCounterFlag</name>
         <uninitialized>true</uninitialized>
         <run_address>0x21e9</run_address>
         <size>0x1</size>
      </object_component>
      <object_component id="oc-2f0">
         <name>.common:g_bMaxCountErrorFlag</name>
         <uninitialized>true</uninitialized>
         <run_address>0x21ed</run_address>
         <size>0x1</size>
      </object_component>
      <object_component id="oc-30b">
         <name>.common:g_pUARTPort</name>
         <uninitialized>true</uninitialized>
         <run_address>0x21ce</run_address>
         <size>0x2</size>
      </object_component>
      <object_component id="oc-306">
         <name>.common:g_pUARTTransmitPtr</name>
         <uninitialized>true</uninitialized>
         <run_address>0x21d0</run_address>
         <size>0x2</size>
      </object_component>
      <object_component id="oc-309">
         <name>.common:g_ui16UARTTransmitBytesLeft</name>
         <uninitialized>true</uninitialized>
         <run_address>0x21d2</run_address>
         <size>0x2</size>
      </object_component>
      <object_component id="oc-30a">
         <name>.common:g_UARTStatus</name>
         <uninitialized>true</uninitialized>
         <run_address>0x21e8</run_address>
         <size>0x1</size>
      </object_component>
      <object_component id="oc-42a">
         <name>.common:keypadSensor_E04_RawCnts</name>
         <uninitialized>true</uninitialized>
         <run_address>0x21dc</run_address>
         <size>0x2</size>
      </object_component>
      <object_component id="oc-5a5">
         <name>.common:keypadSensor_E04_Tuning</name>
         <uninitialized>true</uninitialized>
         <run_address>0x21b4</run_address>
         <size>0x4</size>
      </object_component>
      <object_component id="oc-427">
         <name>.common:keypadSensor_E01_RawCnts</name>
         <uninitialized>true</uninitialized>
         <run_address>0x21d6</run_address>
         <size>0x2</size>
      </object_component>
      <object_component id="oc-5a8">
         <name>.common:keypadSensor_E01_Tuning</name>
         <uninitialized>true</uninitialized>
         <run_address>0x21a8</run_address>
         <size>0x4</size>
      </object_component>
      <object_component id="oc-429">
         <name>.common:keypadSensor_E03_RawCnts</name>
         <uninitialized>true</uninitialized>
         <run_address>0x21da</run_address>
         <size>0x2</size>
      </object_component>
      <object_component id="oc-5ab">
         <name>.common:keypadSensor_E03_Tuning</name>
         <uninitialized>true</uninitialized>
         <run_address>0x21b0</run_address>
         <size>0x4</size>
      </object_component>
      <object_component id="oc-424">
         <name>.common:keypadSensor_E00_RawCnts</name>
         <uninitialized>true</uninitialized>
         <run_address>0x21d4</run_address>
         <size>0x2</size>
      </object_component>
      <object_component id="oc-5ae">
         <name>.common:keypadSensor_E00_Tuning</name>
         <uninitialized>true</uninitialized>
         <run_address>0x21a4</run_address>
         <size>0x4</size>
      </object_component>
      <object_component id="oc-428">
         <name>.common:keypadSensor_E02_RawCnts</name>
         <uninitialized>true</uninitialized>
         <run_address>0x21d8</run_address>
         <size>0x2</size>
      </object_component>
      <object_component id="oc-5b1">
         <name>.common:keypadSensor_E02_Tuning</name>
         <uninitialized>true</uninitialized>
         <run_address>0x21ac</run_address>
         <size>0x4</size>
      </object_component>
      <object_component id="oc-42b">
         <name>.common:keypadSensor_E05_RawCnts</name>
         <uninitialized>true</uninitialized>
         <run_address>0x21de</run_address>
         <size>0x2</size>
      </object_component>
      <object_component id="oc-5b4">
         <name>.common:keypadSensor_E05_Tuning</name>
         <uninitialized>true</uninitialized>
         <run_address>0x21b8</run_address>
         <size>0x4</size>
      </object_component>
      <object_component id="oc-430">
         <name>.common:sliderSensor_E00_RawCnts</name>
         <uninitialized>true</uninitialized>
         <run_address>0x21e0</run_address>
         <size>0x2</size>
      </object_component>
      <object_component id="oc-572">
         <name>.common:sliderSensor_E00_Tuning</name>
         <uninitialized>true</uninitialized>
         <run_address>0x21bc</run_address>
         <size>0x4</size>
      </object_component>
      <object_component id="oc-431">
         <name>.common:sliderSensor_E01_RawCnts</name>
         <uninitialized>true</uninitialized>
         <run_address>0x21e2</run_address>
         <size>0x2</size>
      </object_component>
      <object_component id="oc-575">
         <name>.common:sliderSensor_E01_Tuning</name>
         <uninitialized>true</uninitialized>
         <run_address>0x21c0</run_address>
         <size>0x4</size>
      </object_component>
      <object_component id="oc-432">
         <name>.common:sliderSensor_E02_RawCnts</name>
         <uninitialized>true</uninitialized>
         <run_address>0x21e4</run_address>
         <size>0x2</size>
      </object_component>
      <object_component id="oc-578">
         <name>.common:sliderSensor_E02_Tuning</name>
         <uninitialized>true</uninitialized>
         <run_address>0x21c4</run_address>
         <size>0x4</size>
      </object_component>
      <object_component id="oc-433">
         <name>.common:sliderSensor_E03_RawCnts</name>
         <uninitialized>true</uninitialized>
         <run_address>0x21e6</run_address>
         <size>0x2</size>
      </object_component>
      <object_component id="oc-57b">
         <name>.common:sliderSensor_E03_Tuning</name>
         <uninitialized>true</uninitialized>
         <run_address>0x21c8</run_address>
         <size>0x4</size>
      </object_component>
      <object_component id="oc-541">
         <name>.common:keypadSensor_Params</name>
         <uninitialized>true</uninitialized>
         <run_address>0x2190</run_address>
         <size>0x8</size>
      </object_component>
      <object_component id="oc-2fc">
         <name>.data:TXData</name>
         <load_address>0x23a4</load_address>
         <run_address>0x23a4</run_address>
         <size>0x4</size>
         <input_file_ref idref="fl-2"/>
      </object_component>
      <object_component id="oc-302">
         <name>.data:RXData</name>
         <load_address>0x23a0</load_address>
         <run_address>0x23a0</run_address>
         <size>0x4</size>
         <input_file_ref idref="fl-2"/>
      </object_component>
      <object_component id="oc-2f9">
         <name>.data</name>
         <load_address>0x232e</load_address>
         <run_address>0x232e</run_address>
         <size>0x16</size>
         <input_file_ref idref="fl-2"/>
      </object_component>
      <object_component id="oc-390">
         <name>.data:keypadSensor_list</name>
         <load_address>0x2378</load_address>
         <run_address>0x2378</run_address>
         <size>0xc</size>
         <input_file_ref idref="fl-2"/>
      </object_component>
      <object_component id="oc-396">
         <name>.data:slide_list</name>
         <load_address>0x2384</load_address>
         <run_address>0x2384</run_address>
         <size>0x8</size>
         <input_file_ref idref="fl-2"/>
      </object_component>
      <object_component id="oc-386">
         <name>.data:button_state</name>
         <load_address>0x2360</load_address>
         <run_address>0x2360</run_address>
         <size>0xc</size>
         <input_file_ref idref="fl-2"/>
      </object_component>
      <object_component id="oc-393">
         <name>.data:button_state_old</name>
         <load_address>0x236c</load_address>
         <run_address>0x236c</run_address>
         <size>0xc</size>
         <input_file_ref idref="fl-2"/>
      </object_component>
      <object_component id="oc-413">
         <name>.data</name>
         <load_address>0x23c8</load_address>
         <run_address>0x23c8</run_address>
         <size>0x1</size>
         <input_file_ref idref="fl-9"/>
      </object_component>
      <object_component id="oc-58d">
         <name>.data:keypadSensor_E04</name>
         <load_address>0x2292</load_address>
         <run_address>0x2292</run_address>
         <size>0x1a</size>
         <input_file_ref idref="fl-b"/>
      </object_component>
      <object_component id="oc-592">
         <name>.data:keypadSensor_E01</name>
         <load_address>0x2244</load_address>
         <run_address>0x2244</run_address>
         <size>0x1a</size>
         <input_file_ref idref="fl-b"/>
      </object_component>
      <object_component id="oc-595">
         <name>.data:keypadSensor_E03</name>
         <load_address>0x2278</load_address>
         <run_address>0x2278</run_address>
         <size>0x1a</size>
         <input_file_ref idref="fl-b"/>
      </object_component>
      <object_component id="oc-59a">
         <name>.data:keypadSensor_E00</name>
         <load_address>0x222a</load_address>
         <run_address>0x222a</run_address>
         <size>0x1a</size>
         <input_file_ref idref="fl-b"/>
      </object_component>
      <object_component id="oc-59d">
         <name>.data:keypadSensor_E02</name>
         <load_address>0x225e</load_address>
         <run_address>0x225e</run_address>
         <size>0x1a</size>
         <input_file_ref idref="fl-b"/>
      </object_component>
      <object_component id="oc-5a0">
         <name>.data:keypadSensor_E05</name>
         <load_address>0x22ac</load_address>
         <run_address>0x22ac</run_address>
         <size>0x1a</size>
         <input_file_ref idref="fl-b"/>
      </object_component>
      <object_component id="oc-557">
         <name>.data:sliderSensor_E00</name>
         <load_address>0x22c6</load_address>
         <run_address>0x22c6</run_address>
         <size>0x1a</size>
         <input_file_ref idref="fl-b"/>
      </object_component>
      <object_component id="oc-55a">
         <name>.data:sliderSensor_E01</name>
         <load_address>0x22e0</load_address>
         <run_address>0x22e0</run_address>
         <size>0x1a</size>
         <input_file_ref idref="fl-b"/>
      </object_component>
      <object_component id="oc-55d">
         <name>.data:sliderSensor_E02</name>
         <load_address>0x22fa</load_address>
         <run_address>0x22fa</run_address>
         <size>0x1a</size>
         <input_file_ref idref="fl-b"/>
      </object_component>
      <object_component id="oc-560">
         <name>.data:sliderSensor_E03</name>
         <load_address>0x2314</load_address>
         <run_address>0x2314</run_address>
         <size>0x1a</size>
         <input_file_ref idref="fl-b"/>
      </object_component>
      <object_component id="oc-57e">
         <name>.data:keypadSensor_C00_Elements</name>
         <load_address>0x23c4</load_address>
         <run_address>0x23c4</run_address>
         <size>0x2</size>
         <input_file_ref idref="fl-b"/>
      </object_component>
      <object_component id="oc-565">
         <name>.data:keypadSensor_C00</name>
         <load_address>0x23b0</load_address>
         <run_address>0x23b0</run_address>
         <size>0x4</size>
         <input_file_ref idref="fl-b"/>
      </object_component>
      <object_component id="oc-583">
         <name>.data:keypadSensor_C01_Elements</name>
         <load_address>0x23b8</load_address>
         <run_address>0x23b8</run_address>
         <size>0x4</size>
         <input_file_ref idref="fl-b"/>
      </object_component>
      <object_component id="oc-568">
         <name>.data:keypadSensor_C01</name>
         <load_address>0x23b4</load_address>
         <run_address>0x23b4</run_address>
         <size>0x4</size>
         <input_file_ref idref="fl-b"/>
      </object_component>
      <object_component id="oc-588">
         <name>.data:keypadSensor_C02_Elements</name>
         <load_address>0x2394</load_address>
         <run_address>0x2394</run_address>
         <size>0x6</size>
         <input_file_ref idref="fl-b"/>
      </object_component>
      <object_component id="oc-56b">
         <name>.data:keypadSensor_C02</name>
         <load_address>0x23bc</load_address>
         <run_address>0x23bc</run_address>
         <size>0x4</size>
         <input_file_ref idref="fl-b"/>
      </object_component>
      <object_component id="oc-52c">
         <name>.data:sliderSensor_C00_Elements</name>
         <load_address>0x238c</load_address>
         <run_address>0x238c</run_address>
         <size>0x8</size>
         <input_file_ref idref="fl-b"/>
      </object_component>
      <object_component id="oc-4be">
         <name>.data:sliderSensor_C00</name>
         <load_address>0x23c0</load_address>
         <run_address>0x23c0</run_address>
         <size>0x4</size>
         <input_file_ref idref="fl-b"/>
      </object_component>
      <object_component id="oc-53e">
         <name>.data:keypadSensor_Cycles</name>
         <load_address>0x239a</load_address>
         <run_address>0x239a</run_address>
         <size>0x6</size>
         <input_file_ref idref="fl-b"/>
      </object_component>
      <object_component id="oc-4f2">
         <name>.data:keypadSensor</name>
         <load_address>0x21ee</load_address>
         <run_address>0x21ee</run_address>
         <size>0x1e</size>
         <input_file_ref idref="fl-b"/>
      </object_component>
      <object_component id="oc-436">
         <name>.data:sliderSensor_Cycles</name>
         <load_address>0x23c6</load_address>
         <run_address>0x23c6</run_address>
         <size>0x2</size>
         <input_file_ref idref="fl-b"/>
      </object_component>
      <object_component id="oc-439">
         <name>.data:sliderSensor_Params</name>
         <load_address>0x2352</load_address>
         <run_address>0x2352</run_address>
         <size>0xe</size>
         <input_file_ref idref="fl-b"/>
      </object_component>
      <object_component id="oc-399">
         <name>.data:sliderSensor</name>
         <load_address>0x220c</load_address>
         <run_address>0x220c</run_address>
         <size>0x1e</size>
         <input_file_ref idref="fl-b"/>
      </object_component>
      <object_component id="oc-47a">
         <name>.data:g_pCaptivateSensorArray</name>
         <load_address>0x23ac</load_address>
         <run_address>0x23ac</run_address>
         <size>0x4</size>
         <input_file_ref idref="fl-b"/>
      </object_component>
      <object_component id="oc-3f7">
         <name>.data:g_uiApp</name>
         <load_address>0x2344</load_address>
         <run_address>0x2344</run_address>
         <size>0xe</size>
         <input_file_ref idref="fl-b"/>
      </object_component>
      <object_component id="oc-479">
         <name>.data</name>
         <load_address>0x23a8</load_address>
         <run_address>0x23a8</run_address>
         <size>0x4</size>
         <input_file_ref idref="fl-23"/>
      </object_component>
      <object_component id="oc-26a">
         <name>.stack</name>
         <uninitialized>true</uninitialized>
         <run_address>0x2700</run_address>
         <size>0x2</size>
         <input_file_ref idref="fl-6a"/>
      </object_component>
      <object_component id="oc-623">
         <name>.stack</name>
         <uninitialized>true</uninitialized>
         <run_address>0x2700</run_address>
         <size>0x0</size>
      </object_component>
      <object_component id="oc-75">
         <name>.int40</name>
         <load_address>0xffd8</load_address>
         <run_address>0xffd8</run_address>
         <size>0x2</size>
         <input_file_ref idref="fl-4"/>
      </object_component>
      <object_component id="oc-76">
         <name>.int41</name>
         <load_address>0xffda</load_address>
         <run_address>0xffda</run_address>
         <size>0x2</size>
         <input_file_ref idref="fl-4d"/>
      </object_component>
      <object_component id="oc-77">
         <name>.int42</name>
         <load_address>0xffdc</load_address>
         <run_address>0xffdc</run_address>
         <size>0x2</size>
         <input_file_ref idref="fl-4e"/>
      </object_component>
      <object_component id="oc-78">
         <name>.int43</name>
         <load_address>0xffde</load_address>
         <run_address>0xffde</run_address>
         <size>0x2</size>
         <input_file_ref idref="fl-4f"/>
      </object_component>
      <object_component id="oc-79">
         <name>.int44</name>
         <load_address>0xffe0</load_address>
         <run_address>0xffe0</run_address>
         <size>0x2</size>
         <input_file_ref idref="fl-2"/>
      </object_component>
      <object_component id="oc-7a">
         <name>.int45</name>
         <load_address>0xffe2</load_address>
         <run_address>0xffe2</run_address>
         <size>0x2</size>
         <input_file_ref idref="fl-50"/>
      </object_component>
      <object_component id="oc-7b">
         <name>.int46</name>
         <load_address>0xffe4</load_address>
         <run_address>0xffe4</run_address>
         <size>0x2</size>
         <input_file_ref idref="fl-8"/>
      </object_component>
      <object_component id="oc-7c">
         <name>.int47</name>
         <load_address>0xffe6</load_address>
         <run_address>0xffe6</run_address>
         <size>0x2</size>
         <input_file_ref idref="fl-51"/>
      </object_component>
      <object_component id="oc-7d">
         <name>.int48</name>
         <load_address>0xffe8</load_address>
         <run_address>0xffe8</run_address>
         <size>0x2</size>
         <input_file_ref idref="fl-52"/>
      </object_component>
      <object_component id="oc-7e">
         <name>.int49</name>
         <load_address>0xffea</load_address>
         <run_address>0xffea</run_address>
         <size>0x2</size>
         <input_file_ref idref="fl-53"/>
      </object_component>
      <object_component id="oc-7f">
         <name>.int50</name>
         <load_address>0xffec</load_address>
         <run_address>0xffec</run_address>
         <size>0x2</size>
         <input_file_ref idref="fl-54"/>
      </object_component>
      <object_component id="oc-80">
         <name>.int51</name>
         <load_address>0xffee</load_address>
         <run_address>0xffee</run_address>
         <size>0x2</size>
         <input_file_ref idref="fl-55"/>
      </object_component>
      <object_component id="oc-81">
         <name>.int52</name>
         <load_address>0xfff0</load_address>
         <run_address>0xfff0</run_address>
         <size>0x2</size>
         <input_file_ref idref="fl-56"/>
      </object_component>
      <object_component id="oc-82">
         <name>.int53</name>
         <load_address>0xfff2</load_address>
         <run_address>0xfff2</run_address>
         <size>0x2</size>
         <input_file_ref idref="fl-57"/>
      </object_component>
      <object_component id="oc-83">
         <name>.int54</name>
         <load_address>0xfff4</load_address>
         <run_address>0xfff4</run_address>
         <size>0x2</size>
         <input_file_ref idref="fl-58"/>
      </object_component>
      <object_component id="oc-84">
         <name>.int55</name>
         <load_address>0xfff6</load_address>
         <run_address>0xfff6</run_address>
         <size>0x2</size>
         <input_file_ref idref="fl-59"/>
      </object_component>
      <object_component id="oc-85">
         <name>.int56</name>
         <load_address>0xfff8</load_address>
         <run_address>0xfff8</run_address>
         <size>0x2</size>
         <input_file_ref idref="fl-5a"/>
      </object_component>
      <object_component id="oc-86">
         <name>.int57</name>
         <load_address>0xfffa</load_address>
         <run_address>0xfffa</run_address>
         <size>0x2</size>
         <input_file_ref idref="fl-5b"/>
      </object_component>
      <object_component id="oc-87">
         <name>.int58</name>
         <load_address>0xfffc</load_address>
         <run_address>0xfffc</run_address>
         <size>0x2</size>
         <input_file_ref idref="fl-5c"/>
      </object_component>
      <object_component id="oc-26d">
         <name>.reset</name>
         <load_address>0xfffe</load_address>
         <run_address>0xfffe</run_address>
         <size>0x2</size>
         <input_file_ref idref="fl-6a"/>
      </object_component>
      <object_component id="oc-300">
         <name>.debug_info</name>
         <load_address>0x0</load_address>
         <run_address>0x0</run_address>
         <size>0x80e</size>
         <input_file_ref idref="fl-2"/>
      </object_component>
      <object_component id="oc-2fd">
         <name>.debug_info</name>
         <load_address>0x80e</load_address>
         <run_address>0x80e</run_address>
         <size>0xd9</size>
         <input_file_ref idref="fl-2"/>
      </object_component>
      <object_component id="oc-303">
         <name>.debug_info</name>
         <load_address>0x8e7</load_address>
         <run_address>0x8e7</run_address>
         <size>0xd9</size>
         <input_file_ref idref="fl-2"/>
      </object_component>
      <object_component id="oc-2fa">
         <name>.debug_info</name>
         <load_address>0x9c0</load_address>
         <run_address>0x9c0</run_address>
         <size>0x282</size>
         <input_file_ref idref="fl-2"/>
      </object_component>
      <object_component id="oc-391">
         <name>.debug_info</name>
         <load_address>0xc42</load_address>
         <run_address>0xc42</run_address>
         <size>0xef</size>
         <input_file_ref idref="fl-2"/>
      </object_component>
      <object_component id="oc-397">
         <name>.debug_info</name>
         <load_address>0xd31</load_address>
         <run_address>0xd31</run_address>
         <size>0xe1</size>
         <input_file_ref idref="fl-2"/>
      </object_component>
      <object_component id="oc-387">
         <name>.debug_info</name>
         <load_address>0xe12</load_address>
         <run_address>0xe12</run_address>
         <size>0xe5</size>
         <input_file_ref idref="fl-2"/>
      </object_component>
      <object_component id="oc-394">
         <name>.debug_info</name>
         <load_address>0xef7</load_address>
         <run_address>0xef7</run_address>
         <size>0xed</size>
         <input_file_ref idref="fl-2"/>
      </object_component>
      <object_component id="oc-38a">
         <name>.debug_info</name>
         <load_address>0xfe4</load_address>
         <run_address>0xfe4</run_address>
         <size>0x109</size>
         <input_file_ref idref="fl-2"/>
      </object_component>
      <object_component id="oc-36f">
         <name>.debug_info</name>
         <load_address>0x10ed</load_address>
         <run_address>0x10ed</run_address>
         <size>0x107</size>
         <input_file_ref idref="fl-2"/>
      </object_component>
      <object_component id="oc-375">
         <name>.debug_info</name>
         <load_address>0x11f4</load_address>
         <run_address>0x11f4</run_address>
         <size>0x117</size>
         <input_file_ref idref="fl-2"/>
      </object_component>
      <object_component id="oc-321">
         <name>.debug_info</name>
         <load_address>0x130b</load_address>
         <run_address>0x130b</run_address>
         <size>0x222</size>
         <input_file_ref idref="fl-2"/>
      </object_component>
      <object_component id="oc-292">
         <name>.debug_info</name>
         <load_address>0x152d</load_address>
         <run_address>0x152d</run_address>
         <size>0x10f</size>
         <input_file_ref idref="fl-2"/>
      </object_component>
      <object_component id="oc-347">
         <name>.debug_info</name>
         <load_address>0x163c</load_address>
         <run_address>0x163c</run_address>
         <size>0x11e7</size>
         <input_file_ref idref="fl-2"/>
      </object_component>
      <object_component id="oc-351">
         <name>.debug_info</name>
         <load_address>0x2823</load_address>
         <run_address>0x2823</run_address>
         <size>0x26b</size>
         <input_file_ref idref="fl-2"/>
      </object_component>
      <object_component id="oc-3e9">
         <name>.debug_info</name>
         <load_address>0x2a8e</load_address>
         <run_address>0x2a8e</run_address>
         <size>0xee</size>
         <input_file_ref idref="fl-2"/>
      </object_component>
      <object_component id="oc-30d">
         <name>.debug_info</name>
         <load_address>0x2b7c</load_address>
         <run_address>0x2b7c</run_address>
         <size>0x8b</size>
         <input_file_ref idref="fl-2"/>
      </object_component>
      <object_component id="oc-3e3">
         <name>.debug_info</name>
         <load_address>0x2c07</load_address>
         <run_address>0x2c07</run_address>
         <size>0x282</size>
         <input_file_ref idref="fl-2"/>
      </object_component>
      <object_component id="oc-34c">
         <name>.debug_info</name>
         <load_address>0x2e89</load_address>
         <run_address>0x2e89</run_address>
         <size>0xbb</size>
         <input_file_ref idref="fl-2"/>
      </object_component>
      <object_component id="oc-488">
         <name>.debug_info</name>
         <load_address>0x2f44</load_address>
         <run_address>0x2f44</run_address>
         <size>0x47f</size>
         <input_file_ref idref="fl-3"/>
      </object_component>
      <object_component id="oc-408">
         <name>.debug_info</name>
         <load_address>0x33c3</load_address>
         <run_address>0x33c3</run_address>
         <size>0x282</size>
         <input_file_ref idref="fl-3"/>
      </object_component>
      <object_component id="oc-3fb">
         <name>.debug_info</name>
         <load_address>0x3645</load_address>
         <run_address>0x3645</run_address>
         <size>0x1fe</size>
         <input_file_ref idref="fl-3"/>
      </object_component>
      <object_component id="oc-40e">
         <name>.debug_info</name>
         <load_address>0x3843</load_address>
         <run_address>0x3843</run_address>
         <size>0x1b2</size>
         <input_file_ref idref="fl-3"/>
      </object_component>
      <object_component id="oc-401">
         <name>.debug_info</name>
         <load_address>0x39f5</load_address>
         <run_address>0x39f5</run_address>
         <size>0x1c4</size>
         <input_file_ref idref="fl-3"/>
      </object_component>
      <object_component id="oc-2e3">
         <name>.debug_info</name>
         <load_address>0x3bb9</load_address>
         <run_address>0x3bb9</run_address>
         <size>0x2c</size>
         <input_file_ref idref="fl-3"/>
      </object_component>
      <object_component id="oc-2f1">
         <name>.debug_info</name>
         <load_address>0x3be5</load_address>
         <run_address>0x3be5</run_address>
         <size>0x352</size>
         <input_file_ref idref="fl-4"/>
      </object_component>
      <object_component id="oc-287">
         <name>.debug_info</name>
         <load_address>0x3f37</load_address>
         <run_address>0x3f37</run_address>
         <size>0x15f</size>
         <input_file_ref idref="fl-4"/>
      </object_component>
      <object_component id="oc-3e8">
         <name>.debug_info</name>
         <load_address>0x4096</load_address>
         <run_address>0x4096</run_address>
         <size>0x465</size>
         <input_file_ref idref="fl-5"/>
      </object_component>
      <object_component id="oc-4fb">
         <name>.debug_info</name>
         <load_address>0x44fb</load_address>
         <run_address>0x44fb</run_address>
         <size>0x115</size>
         <input_file_ref idref="fl-5"/>
      </object_component>
      <object_component id="oc-4fe">
         <name>.debug_info</name>
         <load_address>0x4610</load_address>
         <run_address>0x4610</run_address>
         <size>0x115</size>
         <input_file_ref idref="fl-5"/>
      </object_component>
      <object_component id="oc-4f8">
         <name>.debug_info</name>
         <load_address>0x4725</load_address>
         <run_address>0x4725</run_address>
         <size>0x105</size>
         <input_file_ref idref="fl-5"/>
      </object_component>
      <object_component id="oc-4b2">
         <name>.debug_info</name>
         <load_address>0x482a</load_address>
         <run_address>0x482a</run_address>
         <size>0x105</size>
         <input_file_ref idref="fl-5"/>
      </object_component>
      <object_component id="oc-49e">
         <name>.debug_info</name>
         <load_address>0x492f</load_address>
         <run_address>0x492f</run_address>
         <size>0x101</size>
         <input_file_ref idref="fl-5"/>
      </object_component>
      <object_component id="oc-4a4">
         <name>.debug_info</name>
         <load_address>0x4a30</load_address>
         <run_address>0x4a30</run_address>
         <size>0x115</size>
         <input_file_ref idref="fl-5"/>
      </object_component>
      <object_component id="oc-4a1">
         <name>.debug_info</name>
         <load_address>0x4b45</load_address>
         <run_address>0x4b45</run_address>
         <size>0x107</size>
         <input_file_ref idref="fl-5"/>
      </object_component>
      <object_component id="oc-4ad">
         <name>.debug_info</name>
         <load_address>0x4c4c</load_address>
         <run_address>0x4c4c</run_address>
         <size>0x131</size>
         <input_file_ref idref="fl-5"/>
      </object_component>
      <object_component id="oc-501">
         <name>.debug_info</name>
         <load_address>0x4d7d</load_address>
         <run_address>0x4d7d</run_address>
         <size>0xf9</size>
         <input_file_ref idref="fl-5"/>
      </object_component>
      <object_component id="oc-54b">
         <name>.debug_info</name>
         <load_address>0x4e76</load_address>
         <run_address>0x4e76</run_address>
         <size>0x1a8</size>
         <input_file_ref idref="fl-5"/>
      </object_component>
      <object_component id="oc-493">
         <name>.debug_info</name>
         <load_address>0x501e</load_address>
         <run_address>0x501e</run_address>
         <size>0x1fb</size>
         <input_file_ref idref="fl-5"/>
      </object_component>
      <object_component id="oc-48d">
         <name>.debug_info</name>
         <load_address>0x5219</load_address>
         <run_address>0x5219</run_address>
         <size>0x216</size>
         <input_file_ref idref="fl-5"/>
      </object_component>
      <object_component id="oc-482">
         <name>.debug_info</name>
         <load_address>0x542f</load_address>
         <run_address>0x542f</run_address>
         <size>0x1b0</size>
         <input_file_ref idref="fl-5"/>
      </object_component>
      <object_component id="oc-41b">
         <name>.debug_info</name>
         <load_address>0x55df</load_address>
         <run_address>0x55df</run_address>
         <size>0x191</size>
         <input_file_ref idref="fl-5"/>
      </object_component>
      <object_component id="oc-4a7">
         <name>.debug_info</name>
         <load_address>0x5770</load_address>
         <run_address>0x5770</run_address>
         <size>0x20b</size>
         <input_file_ref idref="fl-5"/>
      </object_component>
      <object_component id="oc-415">
         <name>.debug_info</name>
         <load_address>0x597b</load_address>
         <run_address>0x597b</run_address>
         <size>0x2a9</size>
         <input_file_ref idref="fl-5"/>
      </object_component>
      <object_component id="oc-474">
         <name>.debug_info</name>
         <load_address>0x5c24</load_address>
         <run_address>0x5c24</run_address>
         <size>0x1d8</size>
         <input_file_ref idref="fl-5"/>
      </object_component>
      <object_component id="oc-360">
         <name>.debug_info</name>
         <load_address>0x5dfc</load_address>
         <run_address>0x5dfc</run_address>
         <size>0xbb</size>
         <input_file_ref idref="fl-5"/>
      </object_component>
      <object_component id="oc-526">
         <name>.debug_info</name>
         <load_address>0x5eb7</load_address>
         <run_address>0x5eb7</run_address>
         <size>0x5e</size>
         <input_file_ref idref="fl-5"/>
      </object_component>
      <object_component id="oc-518">
         <name>.debug_info</name>
         <load_address>0x5f15</load_address>
         <run_address>0x5f15</run_address>
         <size>0xaf</size>
         <input_file_ref idref="fl-5"/>
      </object_component>
      <object_component id="oc-307">
         <name>.debug_info</name>
         <load_address>0x5fc4</load_address>
         <run_address>0x5fc4</run_address>
         <size>0x3d8</size>
         <input_file_ref idref="fl-8"/>
      </object_component>
      <object_component id="oc-4b5">
         <name>.debug_info</name>
         <load_address>0x639c</load_address>
         <run_address>0x639c</run_address>
         <size>0x1b9</size>
         <input_file_ref idref="fl-8"/>
      </object_component>
      <object_component id="oc-504">
         <name>.debug_info</name>
         <load_address>0x6555</load_address>
         <run_address>0x6555</run_address>
         <size>0x187</size>
         <input_file_ref idref="fl-8"/>
      </object_component>
      <object_component id="oc-298">
         <name>.debug_info</name>
         <load_address>0x66dc</load_address>
         <run_address>0x66dc</run_address>
         <size>0x1c9</size>
         <input_file_ref idref="fl-8"/>
      </object_component>
      <object_component id="oc-37b">
         <name>.debug_info</name>
         <load_address>0x68a5</load_address>
         <run_address>0x68a5</run_address>
         <size>0x19b</size>
         <input_file_ref idref="fl-9"/>
      </object_component>
      <object_component id="oc-39e">
         <name>.debug_info</name>
         <load_address>0x6a40</load_address>
         <run_address>0x6a40</run_address>
         <size>0x150</size>
         <input_file_ref idref="fl-9"/>
      </object_component>
      <object_component id="oc-381">
         <name>.debug_info</name>
         <load_address>0x6b90</load_address>
         <run_address>0x6b90</run_address>
         <size>0x20b</size>
         <input_file_ref idref="fl-9"/>
      </object_component>
      <object_component id="oc-31b">
         <name>.debug_info</name>
         <load_address>0x6d9b</load_address>
         <run_address>0x6d9b</run_address>
         <size>0x151</size>
         <input_file_ref idref="fl-a"/>
      </object_component>
      <object_component id="oc-369">
         <name>.debug_info</name>
         <load_address>0x6eec</load_address>
         <run_address>0x6eec</run_address>
         <size>0x268</size>
         <input_file_ref idref="fl-a"/>
      </object_component>
      <object_component id="oc-425">
         <name>.debug_info</name>
         <load_address>0x7154</load_address>
         <run_address>0x7154</run_address>
         <size>0x73b</size>
         <input_file_ref idref="fl-b"/>
      </object_component>
      <object_component id="oc-58e">
         <name>.debug_info</name>
         <load_address>0x788f</load_address>
         <run_address>0x788f</run_address>
         <size>0x109</size>
         <input_file_ref idref="fl-b"/>
      </object_component>
      <object_component id="oc-593">
         <name>.debug_info</name>
         <load_address>0x7998</load_address>
         <run_address>0x7998</run_address>
         <size>0x109</size>
         <input_file_ref idref="fl-b"/>
      </object_component>
      <object_component id="oc-596">
         <name>.debug_info</name>
         <load_address>0x7aa1</load_address>
         <run_address>0x7aa1</run_address>
         <size>0x109</size>
         <input_file_ref idref="fl-b"/>
      </object_component>
      <object_component id="oc-59b">
         <name>.debug_info</name>
         <load_address>0x7baa</load_address>
         <run_address>0x7baa</run_address>
         <size>0x109</size>
         <input_file_ref idref="fl-b"/>
      </object_component>
      <object_component id="oc-59e">
         <name>.debug_info</name>
         <load_address>0x7cb3</load_address>
         <run_address>0x7cb3</run_address>
         <size>0x109</size>
         <input_file_ref idref="fl-b"/>
      </object_component>
      <object_component id="oc-5a1">
         <name>.debug_info</name>
         <load_address>0x7dbc</load_address>
         <run_address>0x7dbc</run_address>
         <size>0x109</size>
         <input_file_ref idref="fl-b"/>
      </object_component>
      <object_component id="oc-558">
         <name>.debug_info</name>
         <load_address>0x7ec5</load_address>
         <run_address>0x7ec5</run_address>
         <size>0x109</size>
         <input_file_ref idref="fl-b"/>
      </object_component>
      <object_component id="oc-55b">
         <name>.debug_info</name>
         <load_address>0x7fce</load_address>
         <run_address>0x7fce</run_address>
         <size>0x109</size>
         <input_file_ref idref="fl-b"/>
      </object_component>
      <object_component id="oc-55e">
         <name>.debug_info</name>
         <load_address>0x80d7</load_address>
         <run_address>0x80d7</run_address>
         <size>0x109</size>
         <input_file_ref idref="fl-b"/>
      </object_component>
      <object_component id="oc-561">
         <name>.debug_info</name>
         <load_address>0x81e0</load_address>
         <run_address>0x81e0</run_address>
         <size>0x109</size>
         <input_file_ref idref="fl-b"/>
      </object_component>
      <object_component id="oc-57f">
         <name>.debug_info</name>
         <load_address>0x82e9</load_address>
         <run_address>0x82e9</run_address>
         <size>0x11b</size>
         <input_file_ref idref="fl-b"/>
      </object_component>
      <object_component id="oc-566">
         <name>.debug_info</name>
         <load_address>0x8404</load_address>
         <run_address>0x8404</run_address>
         <size>0x109</size>
         <input_file_ref idref="fl-b"/>
      </object_component>
      <object_component id="oc-584">
         <name>.debug_info</name>
         <load_address>0x850d</load_address>
         <run_address>0x850d</run_address>
         <size>0x11b</size>
         <input_file_ref idref="fl-b"/>
      </object_component>
      <object_component id="oc-569">
         <name>.debug_info</name>
         <load_address>0x8628</load_address>
         <run_address>0x8628</run_address>
         <size>0x109</size>
         <input_file_ref idref="fl-b"/>
      </object_component>
      <object_component id="oc-589">
         <name>.debug_info</name>
         <load_address>0x8731</load_address>
         <run_address>0x8731</run_address>
         <size>0x11b</size>
         <input_file_ref idref="fl-b"/>
      </object_component>
      <object_component id="oc-56c">
         <name>.debug_info</name>
         <load_address>0x884c</load_address>
         <run_address>0x884c</run_address>
[...]
         <value>0x21ea</value>
      </symbol>
      <symbol id="sm-357">
         <name>g_bConvCounterFlag</name>
         <value>0x21e9</value>
      </symbol>
      <symbol id="sm-358">
         <name>g_bMaxCountErrorFlag</name>
         <value>0x21ed</value>
      </symbol>
      <symbol id="sm-359">
         <name>__TI_int40</name>
         <value>0xffd8</value>
         <object_component_ref idref="oc-75"/>
      </symbol>
      <symbol id="sm-35a">
         <name>CAPT_ISR</name>
         <value>0xda62</value>
         <object_component_ref idref="oc-286"/>
      </symbol>
      <symbol id="sm-400">
         <name>CAPT_checkForInboundPacket</name>
         <value>0xd32e</value>
         <object_component_ref idref="oc-414"/>
      </symbol>
      <symbol id="sm-401">
         <name>CAPT_writeSensorData</name>
         <value>0xd80e</value>
         <object_component_ref idref="oc-492"/>
      </symbol>
      <symbol id="sm-402">
         <name>CAPT_initCommInterface</name>
         <value>0xd900</value>
         <object_component_ref idref="oc-481"/>
      </symbol>
      <symbol id="sm-403">
         <name>CAPT_writeElementData</name>
         <value>0xd470</value>
         <object_component_ref idref="oc-48c"/>
      </symbol>
      <symbol id="sm-404">
         <name>CAPT_checkForRecalibrationRequest</name>
         <value>0xddfc</value>
         <object_component_ref idref="oc-41a"/>
      </symbol>
      <symbol id="sm-42a">
         <name>g_pUARTPort</name>
         <value>0x21ce</value>
      </symbol>
      <symbol id="sm-42b">
         <name>g_pUARTTransmitPtr</name>
         <value>0x21d0</value>
      </symbol>
      <symbol id="sm-42c">
         <name>g_ui16UARTTransmitBytesLeft</name>
         <value>0x21d2</value>
      </symbol>
      <symbol id="sm-42d">
         <name>g_UARTStatus</name>
         <value>0x21e8</value>
      </symbol>
      <symbol id="sm-42e">
         <name>UART_openPort</name>
         <value>0xd6fe</value>
         <object_component_ref idref="oc-503"/>
      </symbol>
      <symbol id="sm-42f">
         <name>__TI_int46</name>
         <value>0xffe4</value>
         <object_component_ref idref="oc-7b"/>
      </symbol>
      <symbol id="sm-430">
         <name>UART_ISR</name>
         <value>0xd110</value>
         <object_component_ref idref="oc-297"/>
      </symbol>
      <symbol id="sm-431">
         <name>UART_transmitBuffer</name>
         <value>0xda20</value>
         <object_component_ref idref="oc-4b4"/>
      </symbol>
      <symbol id="sm-44d">
         <name>CAPT_appHandler</name>
         <value>0xdaa2</value>
         <object_component_ref idref="oc-380"/>
      </symbol>
      <symbol id="sm-44e">
         <name>CAPT_appStart</name>
         <value>0xdb9a</value>
         <object_component_ref idref="oc-37a"/>
      </symbol>
      <symbol id="sm-44f">
         <name>CAPT_appSleep</name>
         <value>0xdc0a</value>
         <object_component_ref idref="oc-39d"/>
      </symbol>
      <symbol id="sm-461">
         <name>BSP_configureMCU</name>
         <value>0xd1c6</value>
         <object_component_ref idref="oc-368"/>
      </symbol>
      <symbol id="sm-462">
         <name>_system_pre_init</name>
         <value>0xde54</value>
         <object_component_ref idref="oc-31a"/>
      </symbol>
      <symbol id="sm-4e5">
         <name>keypadSensor_E04_RawCnts</name>
         <value>0x21dc</value>
      </symbol>
      <symbol id="sm-4e6">
         <name>keypadSensor_E04_Tuning</name>
         <value>0x21b4</value>
      </symbol>
      <symbol id="sm-4e7">
         <name>keypadSensor_E01_RawCnts</name>
         <value>0x21d6</value>
      </symbol>
      <symbol id="sm-4e8">
         <name>keypadSensor_E01_Tuning</name>
         <value>0x21a8</value>
      </symbol>
      <symbol id="sm-4e9">
         <name>keypadSensor_E03_RawCnts</name>
         <value>0x21da</value>
      </symbol>
      <symbol id="sm-4ea">
         <name>keypadSensor_E03_Tuning</name>
         <value>0x21b0</value>
      </symbol>
      <symbol id="sm-4eb">
         <name>keypadSensor_E00_RawCnts</name>
         <value>0x21d4</value>
      </symbol>
      <symbol id="sm-4ec">
         <name>keypadSensor_E00_Tuning</name>
         <value>0x21a4</value>
      </symbol>
      <symbol id="sm-4ed">
         <name>keypadSensor_E02_RawCnts</name>
         <value>0x21d8</value>
      </symbol>
      <symbol id="sm-4ee">
         <name>keypadSensor_E02_Tuning</name>
         <value>0x21ac</value>
      </symbol>
      <symbol id="sm-4ef">
         <name>keypadSensor_E05_RawCnts</name>
         <value>0x21de</value>
      </symbol>
      <symbol id="sm-4f0">
         <name>keypadSensor_E05_Tuning</name>
         <value>0x21b8</value>
      </symbol>
      <symbol id="sm-4f1">
         <name>sliderSensor_E00_RawCnts</name>
         <value>0x21e0</value>
      </symbol>
      <symbol id="sm-4f2">
         <name>sliderSensor_E00_Tuning</name>
         <value>0x21bc</value>
      </symbol>
      <symbol id="sm-4f3">
         <name>sliderSensor_E01_RawCnts</name>
         <value>0x21e2</value>
      </symbol>
      <symbol id="sm-4f4">
         <name>sliderSensor_E01_Tuning</name>
         <value>0x21c0</value>
      </symbol>
      <symbol id="sm-4f5">
         <name>sliderSensor_E02_RawCnts</name>
         <value>0x21e4</value>
      </symbol>
      <symbol id="sm-4f6">
         <name>sliderSensor_E02_Tuning</name>
         <value>0x21c4</value>
      </symbol>
      <symbol id="sm-4f7">
         <name>sliderSensor_E03_RawCnts</name>
         <value>0x21e6</value>
      </symbol>
      <symbol id="sm-4f8">
         <name>sliderSensor_E03_Tuning</name>
         <value>0x21c8</value>
      </symbol>
      <symbol id="sm-4f9">
         <name>keypadSensor_Params</name>
         <value>0x2190</value>
      </symbol>
      <symbol id="sm-4fa">
         <name>sliderSensor_Cycles</name>
         <value>0x23c6</value>
         <object_component_ref idref="oc-436"/>
      </symbol>
      <symbol id="sm-4fb">
         <name>sliderSensor_Params</name>
         <value>0x2352</value>
         <object_component_ref idref="oc-439"/>
      </symbol>
      <symbol id="sm-4fc">
         <name>sliderSensor_E02</name>
         <value>0x22fa</value>
         <object_component_ref idref="oc-55d"/>
      </symbol>
      <symbol id="sm-4fd">
         <name>sliderSensor_E03</name>
         <value>0x2314</value>
         <object_component_ref idref="oc-560"/>
      </symbol>
      <symbol id="sm-4fe">
         <name>sliderSensor_E00</name>
         <value>0x22c6</value>
         <object_component_ref idref="oc-557"/>
      </symbol>
      <symbol id="sm-4ff">
         <name>sliderSensor_E01</name>
         <value>0x22e0</value>
         <object_component_ref idref="oc-55a"/>
      </symbol>
      <symbol id="sm-500">
         <name>g_pCaptivateSensorArray</name>
         <value>0x23ac</value>
         <object_component_ref idref="oc-47a"/>
      </symbol>
      <symbol id="sm-501">
         <name>keypadSensor_C01_Elements</name>
         <value>0x23b8</value>
         <object_component_ref idref="oc-583"/>
      </symbol>
      <symbol id="sm-502">
         <name>keypadSensor_Cycles</name>
         <value>0x239a</value>
         <object_component_ref idref="oc-53e"/>
      </symbol>
      <symbol id="sm-503">
         <name>sliderSensor_C00_Elements</name>
         <value>0x238c</value>
         <object_component_ref idref="oc-52c"/>
      </symbol>
      <symbol id="sm-504">
         <name>keypadSensor_E04</name>
         <value>0x2292</value>
         <object_component_ref idref="oc-58d"/>
      </symbol>
      <symbol id="sm-505">
         <name>keypadSensor_E05</name>
         <value>0x22ac</value>
         <object_component_ref idref="oc-5a0"/>
      </symbol>
      <symbol id="sm-506">
         <name>keypadSensor_E02</name>
         <value>0x225e</value>
         <object_component_ref idref="oc-59d"/>
      </symbol>
      <symbol id="sm-507">
         <name>keypadSensor_E03</name>
         <value>0x2278</value>
         <object_component_ref idref="oc-595"/>
      </symbol>
      <symbol id="sm-508">
         <name>keypadSensor_E00</name>
         <value>0x222a</value>
         <object_component_ref idref="oc-59a"/>
      </symbol>
      <symbol id="sm-509">
         <name>keypadSensor_E01</name>
         <value>0x2244</value>
         <object_component_ref idref="oc-592"/>
      </symbol>
      <symbol id="sm-50a">
         <name>sliderSensor</name>
         <value>0x220c</value>
         <object_component_ref idref="oc-399"/>
      </symbol>
      <symbol id="sm-50b">
         <name>keypadSensor</name>
         <value>0x21ee</value>
         <object_component_ref idref="oc-4f2"/>
      </symbol>
      <symbol id="sm-50c">
         <name>g_uiApp</name>
         <value>0x2344</value>
         <object_component_ref idref="oc-3f7"/>
      </symbol>
      <symbol id="sm-50d">
         <name>keypadSensor_C00_Elements</name>
         <value>0x23c4</value>
         <object_component_ref idref="oc-57e"/>
      </symbol>
      <symbol id="sm-50e">
         <name>keypadSensor_C02_Elements</name>
         <value>0x2394</value>
         <object_component_ref idref="oc-588"/>
      </symbol>
      <symbol id="sm-50f">
         <name>sliderSensor_C00</name>
         <value>0x23c0</value>
         <object_component_ref idref="oc-4be"/>
      </symbol>
      <symbol id="sm-510">
         <name>keypadSensor_C02</name>
         <value>0x23bc</value>
         <object_component_ref idref="oc-56b"/>
      </symbol>
      <symbol id="sm-511">
         <name>keypadSensor_C00</name>
         <value>0x23b0</value>
         <object_component_ref idref="oc-565"/>
      </symbol>
      <symbol id="sm-512">
         <name>keypadSensor_C01</name>
         <value>0x23b4</value>
         <object_component_ref idref="oc-568"/>
      </symbol>
      <symbol id="sm-53a">
         <name>CAPT_calibrateOffset</name>
         <value>0xc9c4</value>
         <object_component_ref idref="oc-50d"/>
      </symbol>
      <symbol id="sm-53b">
         <name>CAPT_calibrateGain</name>
         <value>0xc7fc</value>
         <object_component_ref idref="oc-50c"/>
      </symbol>
      <symbol id="sm-53c">
         <name>CAPT_calibrateSensor</name>
         <value>0xdce2</value>
         <object_component_ref idref="oc-489"/>
      </symbol>
      <symbol id="sm-542">
         <name>CAPT_getInterruptVector</name>
         <value>0xde6c</value>
         <object_component_ref idref="oc-2ef"/>
      </symbol>
      <symbol id="sm-543">
         <name>CAPT_init</name>
         <value>0xdd24</value>
         <object_component_ref idref="oc-47f"/>
      </symbol>
      <symbol id="sm-544">
         <name>CAPT_clearIFG</name>
         <value>0xde66</value>
         <object_component_ref idref="oc-513"/>
      </symbol>
      <symbol id="sm-554">
         <name>CAPT_getChecksum</name>
         <value>0xdd82</value>
         <object_component_ref idref="oc-4b0"/>
      </symbol>
      <symbol id="sm-555">
         <name>CAPT_accessSpecialSensorParameter</name>
         <value>0xcf40</value>
         <object_component_ref idref="oc-4af"/>
      </symbol>
      <symbol id="sm-558">
         <name>CAPT_getSensorPosition</name>
         <value>0xde40</value>
         <object_component_ref idref="oc-39c"/>
      </symbol>
      <symbol id="sm-59b">
         <name>CAPT_updateSensorTimeout</name>
         <value>0xdbd4</value>
         <object_component_ref idref="oc-555"/>
      </symbol>
      <symbol id="sm-59c">
         <name>CAPT_updateSensor</name>
         <value>0xcb60</value>
         <object_component_ref idref="oc-48b"/>
      </symbol>
      <symbol id="sm-59d">
         <name>CAPT_processSensor</name>
         <value>0xd630</value>
         <object_component_ref idref="oc-50f"/>
      </symbol>
      <symbol id="sm-59e">
         <name>CAPT_flagAllElementsForReseed</name>
         <value>0xd94a</value>
         <object_component_ref idref="oc-571"/>
      </symbol>
      <symbol id="sm-59f">
         <name>CAPT_blockOnFlag</name>
         <value>0xdc98</value>
         <object_component_ref idref="oc-510"/>
      </symbol>
      <symbol id="sm-5a0">
         <name>CAPT_startConversionAndWaitUntilDone</name>
         <value>0xdc3c</value>
         <object_component_ref idref="oc-553"/>
      </symbol>
      <symbol id="sm-5a1">
         <name>CAPT_unloadCycle</name>
         <value>0xdae0</value>
         <object_component_ref idref="oc-511"/>
      </symbol>
      <symbol id="sm-5a2">
         <name>CAPT_testForRecalibration</name>
         <value>0xd4e8</value>
         <object_component_ref idref="oc-49a"/>
      </symbol>
      <symbol id="sm-5a3">
         <name>CAPT_initSensor</name>
         <value>0xd5c6</value>
         <object_component_ref idref="oc-480"/>
      </symbol>
      <symbol id="sm-5a4">
         <name>CAPT_preProcessSlider</name>
         <value>0xd8b2</value>
         <object_component_ref idref="oc-556"/>
      </symbol>
      <symbol id="sm-5a5">
         <name>CAPT_loadCycle</name>
         <value>0xd992</value>
         <object_component_ref idref="oc-512"/>
      </symbol>
      <symbol id="sm-5a6">
         <name>CAPT_updateSensorNoise</name>
         <value>0xd7b8</value>
         <object_component_ref idref="oc-554"/>
      </symbol>
      <symbol id="sm-5a7">
         <name>CAPT_processFSMCycle</name>
         <value>0xd760</value>
         <object_component_ref idref="oc-50e"/>
      </symbol>
      <symbol id="sm-5a8">
         <name>CAPT_testForNegativeTouchRecalibration</name>
         <value>0xddba</value>
         <object_component_ref idref="oc-499"/>
      </symbol>
      <symbol id="sm-5a9">
         <name>CAPT_testForMaxCountRecalibration</name>
         <value>0xdd44</value>
         <object_component_ref idref="oc-498"/>
      </symbol>
      <symbol id="sm-5d0">
         <name>CS_clearAllOscFlagsWithTimeout</name>
         <value>0xdd64</value>
         <object_component_ref idref="oc-3f3"/>
      </symbol>
      <symbol id="sm-5d1">
         <name>CS_initFLL</name>
         <value>0xd04c</value>
         <object_component_ref idref="oc-3f2"/>
      </symbol>
      <symbol id="sm-5d2">
         <name>CS_setExternalClockSource</name>
         <value>0xde4a</value>
         <object_component_ref idref="oc-3ef"/>
      </symbol>
      <symbol id="sm-5d3">
         <name>CS_turnOnXT1LFWithTimeout</name>
         <value>0xdb1e</value>
         <object_component_ref idref="oc-3f0"/>
      </symbol>
      <symbol id="sm-5d4">
         <name>CS_initClockSignal</name>
         <value>0xd27a</value>
         <object_component_ref idref="oc-3f1"/>
      </symbol>
      <symbol id="sm-5d7">
         <name>FRAMCtl_configureWaitStateControl</name>
         <value>0xddd2</value>
         <object_component_ref idref="oc-3ee"/>
      </symbol>
      <symbol id="sm-5de">
         <name>__TI_int41</name>
         <value>0xffda</value>
         <object_component_ref idref="oc-76"/>
      </symbol>
      <symbol id="sm-5e1">
         <name>__TI_int42</name>
         <value>0xffdc</value>
         <object_component_ref idref="oc-77"/>
      </symbol>
      <symbol id="sm-5e4">
         <name>__TI_int43</name>
         <value>0xffde</value>
         <object_component_ref idref="oc-78"/>
      </symbol>
      <symbol id="sm-5e7">
         <name>__TI_int45</name>
         <value>0xffe2</value>
         <object_component_ref idref="oc-7a"/>
      </symbol>
      <symbol id="sm-5ea">
         <name>__TI_int47</name>
         <value>0xffe6</value>
         <object_component_ref idref="oc-7c"/>
      </symbol>
      <symbol id="sm-5ed">
         <name>__TI_int48</name>
         <value>0xffe8</value>
         <object_component_ref idref="oc-7d"/>
      </symbol>
      <symbol id="sm-5f0">
         <name>__TI_int49</name>
         <value>0xffea</value>
         <object_component_ref idref="oc-7e"/>
      </symbol>
      <symbol id="sm-5f3">
         <name>__TI_int50</name>
         <value>0xffec</value>
         <object_component_ref idref="oc-7f"/>
      </symbol>
      <symbol id="sm-5f6">
         <name>__TI_int51</name>
         <value>0xffee</value>
         <object_component_ref idref="oc-80"/>
      </symbol>
      <symbol id="sm-5f9">
         <name>__TI_int52</name>
         <value>0xfff0</value>
         <object_component_ref idref="oc-81"/>
      </symbol>
      <symbol id="sm-5fc">
         <name>__TI_int53</name>
         <value>0xfff2</value>
         <object_component_ref idref="oc-82"/>
      </symbol>
      <symbol id="sm-5ff">
         <name>__TI_int54</name>
         <value>0xfff4</value>
         <object_component_ref idref="oc-83"/>
      </symbol>
      <symbol id="sm-602">
         <name>__TI_int55</name>
         <value>0xfff6</value>
         <object_component_ref idref="oc-84"/>
      </symbol>
      <symbol id="sm-605">
         <name>__TI_int56</name>
         <value>0xfff8</value>
         <object_component_ref idref="oc-85"/>
      </symbol>
      <symbol id="sm-608">
         <name>__TI_int57</name>
         <value>0xfffa</value>
         <object_component_ref idref="oc-86"/>
      </symbol>
      <symbol id="sm-60b">
         <name>__TI_int58</name>
         <value>0xfffc</value>
         <object_component_ref idref="oc-87"/>
      </symbol>
      <symbol id="sm-613">
         <name>__TI_ISR_TRAP</name>
         <value>0xde5e</value>
         <object_component_ref idref="oc-28c"/>
      </symbol>
      <symbol id="sm-634">
         <name>_stack</name>
         <value>0x2700</value>
         <object_component_ref idref="oc-26a"/>
      </symbol>
      <symbol id="sm-635">
         <name>_c_int00_noargs</name>
         <value>0xdd9e</value>
         <object_component_ref idref="oc-2af"/>
      </symbol>
      <symbol id="sm-636">
         <name>_reset_vector</name>
         <value>0xfffe</value>
         <object_component_ref idref="oc-26d"/>
      </symbol>
      <symbol id="sm-658">
         <name>__TI_auto_init_nobinit_nopinit_hold_wdt</name>
         <value>0xd860</value>
         <object_component_ref idref="oc-3c8"/>
      </symbol>
      <symbol id="sm-66b">
         <name>__TI_zero_init_nomemset</name>
         <value>0xdde8</value>
         <object_component_ref idref="oc-29d"/>
      </symbol>
      <symbol id="sm-678">
         <name>_system_post_cinit</name>
         <value>0xde78</value>
         <object_component_ref idref="oc-451"/>
      </symbol>
      <symbol id="sm-68e">
         <name>__TI_decompress_none</name>
         <value>0xde0e</value>
         <object_component_ref idref="oc-6f"/>
      </symbol>
      <symbol id="sm-6b1">
         <name>__TI_decompress_lzss</name>
         <value>0xd558</value>
         <object_component_ref idref="oc-69"/>
      </symbol>
      <symbol id="sm-6bb">
         <name>C$$EXIT</name>
         <value>0xde72</value>
         <object_component_ref idref="oc-3a4"/>
      </symbol>
      <symbol id="sm-6bc">
         <name>abort</name>
         <value>0xde72</value>
         <object_component_ref idref="oc-3a4"/>
      </symbol>
      <symbol id="sm-6cc">
         <name>memcpy</name>
         <value>0xde20</value>
         <object_component_ref idref="oc-279"/>
      </symbol>
   </symbol_table>
   <title>Link successful</title>
</link_info>
